stm32f1xx_ll_usart.h:1981:22:LL_USART_ClearFlag_ORE	24	static
stm32f1xx_ll_usart.h:2026:22:LL_USART_ClearFlag_RXNE	16	static
stm32f1xx_ll_usart.h:2104:22:LL_USART_EnableIT_TXE	16	static
stm32f1xx_ll_usart.h:2200:22:LL_USART_DisableIT_TXE	16	static
stm32f1xx_ll_usart.h:2274:26:LL_USART_IsEnabledIT_RXNE	16	static
stm32f1xx_ll_usart.h:2296:26:LL_USART_IsEnabledIT_TXE	16	static
stm32f1xx_ll_usart.h:2331:26:LL_USART_IsEnabledIT_ERROR	16	static
stm32f1xx_ll_usart.h:2450:25:LL_USART_ReceiveData8	16	static
stm32f1xx_ll_usart.h:2473:22:LL_USART_TransmitData8	16	static
libUart.c:35:6:STDIO_init	8	static
libUart.c:50:8:RxCharAvailableISR	16	static
libUart.c:58:5:RxCharISR	24	static
libUart.c:77:5:TxCharISR	16	static,ignoring_inline_asm
libUart.c:109:8:kbhit	4	static
libUart.c:141:6:USART_ISR	32	static
libUart.c:191:5:__io_getchar	8	static
libUart.c:200:5:__io_putchar	16	static
libUart.c:208:5:GetChar	8	static
libUart.c:217:5:PutChar	16	static
