stm32f1xx_ll_tim.h:1063:22:LL_TIM_EnableCounter	16	static
stm32f1xx_ll_tim.h:1243:22:LL_TIM_EnableARRPreload	16	static
stm32f1xx_ll_tim.h:1254:22:LL_TIM_DisableARRPreload	16	static
stm32f1xx_ll_tim.h:1540:22:LL_TIM_CC_EnableChannel	16	static
stm32f1xx_ll_tim.h:1853:22:LL_TIM_OC_DisableFast	24	static
stm32f1xx_ll_tim.h:1897:22:LL_TIM_OC_EnablePreload	24	static
stm32f1xx_ll_tim.h:2214:22:LL_TIM_IC_SetActiveInput	32	static
stm32f1xx_ll_tim.h:2264:22:LL_TIM_IC_SetPrescaler	32	static
stm32f1xx_ll_tim.h:2327:22:LL_TIM_IC_SetFilter	32	static
stm32f1xx_ll_tim.h:2391:22:LL_TIM_IC_SetPolarity	32	static
stm32f1xx_ll_tim.h:2581:22:LL_TIM_SetClockSource	16	static
stm32f1xx_ll_tim.h:2598:22:LL_TIM_SetEncoderMode	16	static
stm32f1xx_ll_tim.h:2627:22:LL_TIM_SetTriggerOutput	16	static
stm32f1xx_ll_tim.h:2693:22:LL_TIM_DisableMasterSlaveMode	16	static
stm32f1xx_ll_bus.h:447:22:LL_APB1_GRP1_EnableClock	24	static
stm32f1xx_ll_bus.h:763:22:LL_APB2_GRP1_EnableClock	24	static
tim.c:28:6:MX_TIM2_Init	48	static
tim.c:79:6:MX_TIM3_Init	48	static
tim.c:130:6:MX_TIM4_Init	80	static
